------------------------------------------------------------
TimeQuest Timing Analyzer Summary
------------------------------------------------------------

Type  : Slow 1200mV 85C Model Setup 'pll0|altpll_component|auto_generated|pll1|clk[2]'
Slack : 6.823
TNS   : 0.000

Type  : Slow 1200mV 85C Model Setup 'pll0|altpll_component|auto_generated|pll1|clk[1]'
Slack : 22.521
TNS   : 0.000

Type  : Slow 1200mV 85C Model Setup 'pll0|altpll_component|auto_generated|pll1|clk[0]'
Slack : 38.881
TNS   : 0.000

Type  : Slow 1200mV 85C Model Hold 'pll0|altpll_component|auto_generated|pll1|clk[0]'
Slack : 0.359
TNS   : 0.000

Type  : Slow 1200mV 85C Model Hold 'pll0|altpll_component|auto_generated|pll1|clk[2]'
Slack : 51.069
TNS   : 0.000

Type  : Slow 1200mV 85C Model Hold 'pll0|altpll_component|auto_generated|pll1|clk[1]'
Slack : 75.191
TNS   : 0.000

Type  : Slow 1200mV 85C Model Recovery 'pll0|altpll_component|auto_generated|pll1|clk[0]'
Slack : 96.960
TNS   : 0.000

Type  : Slow 1200mV 85C Model Removal 'pll0|altpll_component|auto_generated|pll1|clk[0]'
Slack : 0.919
TNS   : 0.000

Type  : Slow 1200mV 85C Model Minimum Pulse Width 'CLOCK_50'
Slack : 9.740
TNS   : 0.000

Type  : Slow 1200mV 85C Model Minimum Pulse Width 'pll0|altpll_component|auto_generated|pll1|clk[1]'
Slack : 49.736
TNS   : 0.000

Type  : Slow 1200mV 85C Model Minimum Pulse Width 'pll0|altpll_component|auto_generated|pll1|clk[2]'
Slack : 49.747
TNS   : 0.000

Type  : Slow 1200mV 85C Model Minimum Pulse Width 'pll0|altpll_component|auto_generated|pll1|clk[0]'
Slack : 49.754
TNS   : 0.000

Type  : Slow 1200mV 0C Model Setup 'pll0|altpll_component|auto_generated|pll1|clk[2]'
Slack : 8.597
TNS   : 0.000

Type  : Slow 1200mV 0C Model Setup 'pll0|altpll_component|auto_generated|pll1|clk[1]'
Slack : 22.746
TNS   : 0.000

Type  : Slow 1200mV 0C Model Setup 'pll0|altpll_component|auto_generated|pll1|clk[0]'
Slack : 39.938
TNS   : 0.000

Type  : Slow 1200mV 0C Model Hold 'pll0|altpll_component|auto_generated|pll1|clk[0]'
Slack : 0.312
TNS   : 0.000

Type  : Slow 1200mV 0C Model Hold 'pll0|altpll_component|auto_generated|pll1|clk[2]'
Slack : 50.969
TNS   : 0.000

Type  : Slow 1200mV 0C Model Hold 'pll0|altpll_component|auto_generated|pll1|clk[1]'
Slack : 75.195
TNS   : 0.000

Type  : Slow 1200mV 0C Model Recovery 'pll0|altpll_component|auto_generated|pll1|clk[0]'
Slack : 97.264
TNS   : 0.000

Type  : Slow 1200mV 0C Model Removal 'pll0|altpll_component|auto_generated|pll1|clk[0]'
Slack : 0.829
TNS   : 0.000

Type  : Slow 1200mV 0C Model Minimum Pulse Width 'CLOCK_50'
Slack : 9.713
TNS   : 0.000

Type  : Slow 1200mV 0C Model Minimum Pulse Width 'pll0|altpll_component|auto_generated|pll1|clk[1]'
Slack : 49.742
TNS   : 0.000

Type  : Slow 1200mV 0C Model Minimum Pulse Width 'pll0|altpll_component|auto_generated|pll1|clk[0]'
Slack : 49.747
TNS   : 0.000

Type  : Slow 1200mV 0C Model Minimum Pulse Width 'pll0|altpll_component|auto_generated|pll1|clk[2]'
Slack : 49.748
TNS   : 0.000

Type  : Fast 1200mV 0C Model Setup 'pll0|altpll_component|auto_generated|pll1|clk[2]'
Slack : 14.567
TNS   : 0.000

Type  : Fast 1200mV 0C Model Setup 'pll0|altpll_component|auto_generated|pll1|clk[1]'
Slack : 23.478
TNS   : 0.000

Type  : Fast 1200mV 0C Model Setup 'pll0|altpll_component|auto_generated|pll1|clk[0]'
Slack : 43.625
TNS   : 0.000

Type  : Fast 1200mV 0C Model Hold 'pll0|altpll_component|auto_generated|pll1|clk[0]'
Slack : 0.188
TNS   : 0.000

Type  : Fast 1200mV 0C Model Hold 'pll0|altpll_component|auto_generated|pll1|clk[2]'
Slack : 50.547
TNS   : 0.000

Type  : Fast 1200mV 0C Model Hold 'pll0|altpll_component|auto_generated|pll1|clk[1]'
Slack : 75.070
TNS   : 0.000

Type  : Fast 1200mV 0C Model Recovery 'pll0|altpll_component|auto_generated|pll1|clk[0]'
Slack : 98.125
TNS   : 0.000

Type  : Fast 1200mV 0C Model Removal 'pll0|altpll_component|auto_generated|pll1|clk[0]'
Slack : 0.502
TNS   : 0.000

Type  : Fast 1200mV 0C Model Minimum Pulse Width 'CLOCK_50'
Slack : 9.425
TNS   : 0.000

Type  : Fast 1200mV 0C Model Minimum Pulse Width 'pll0|altpll_component|auto_generated|pll1|clk[1]'
Slack : 49.748
TNS   : 0.000

Type  : Fast 1200mV 0C Model Minimum Pulse Width 'pll0|altpll_component|auto_generated|pll1|clk[2]'
Slack : 49.751
TNS   : 0.000

Type  : Fast 1200mV 0C Model Minimum Pulse Width 'pll0|altpll_component|auto_generated|pll1|clk[0]'
Slack : 49.785
TNS   : 0.000

------------------------------------------------------------
